// Jest Snapshot v1, https://goo.gl/fbAQLP

exports[`Category renders correctly 1`] = `
.c0 {
  color: #5373f8;
  font-weight: 700;
  margin-top: 0.3rem;
  font-size: 0.9rem;
  cursor: pointer;
}

.c1 {
  color: #bdbdbd;
}

<div>
  <div
    class="notification-container notification-container-empty"
  >
    <div />
  </div>
  <a
    href="/"
  >
    <div
      class="c0"
    >
      Testing
      <span
        class="c1"
      >
         (99)
      </span>
    </div>
  </a>
</div>
`;
