// Jest Snapshot v1, https://goo.gl/fbAQLP

exports[`Markdown matches snapshot 1`] = `
.c0 {
  font-size: 1.125rem;
  color: #222426;
  line-height: 1.7;
  -webkit-letter-spacing: -0.004em;
  -moz-letter-spacing: -0.004em;
  -ms-letter-spacing: -0.004em;
  letter-spacing: -0.004em;
  word-break: keep-all;
  overflow-wrap: break-word;
}

.c0 p + a,
.c0 a {
  color: #5373f8;
}

.c0 p + a:hover,
.c0 a:hover {
  -webkit-text-decoration: underline;
  text-decoration: underline;
}

.c0 p + h1,
.c0 p + h2,
.c0 p + h3,
.c0 p + h4 {
  margin-top: 2.5rem;
}

.c0 h1,
.c0 h2,
.c0 h3,
.c0 h4 {
  line-height: 1.5;
  margin-bottom: 1rem;
}

.c0 h1 {
  font-size: 2.5rem;
}

.c0 h2 {
  font-size: 2rem;
}

.c0 h3 {
  font-size: 1.5rem;
}

.c0 h4 {
  font-size: 1.125rem;
}

.c0 hr {
  height: 1px;
  width: 100%;
  margin-top: 2rem;
  margin-bottom: 2rem;
  border-width: initial;
  border-style: none;
  border-color: initial;
  border-image: initial;
  background: #dedede;
}

.c0 blockquote {
  margin-top: 2rem;
  margin-bottom: 2rem;
  border-top-right-radius: 4px;
  border-bottom-right-radius: 4px;
  margin-left: 0px;
  margin-right: 0px;
  color: rgb(33,37,41);
  border-left: #5373f8 4px solid;
  background-color: rgb(241,243,245);
  padding: 1rem 1rem 1rem 2rem;
}

.c0 blockquote:first-child {
  margin-top: 0px;
}

.c0 blockquote:last-child {
  margin-bottom: 0px;
}

.c0 pre > div {
  font-family: "Fira Mono",source-code-pro,Menlo,Monaco,Consolas,"Courier New",monospace;
  overflow-x: auto;
  -webkit-letter-spacing: 0px;
  -moz-letter-spacing: 0px;
  -ms-letter-spacing: 0px;
  letter-spacing: 0px;
  border-radius: 5px;
  line-height: 1.5 !important;
  overflow-x: auto !important;
  -webkit-letter-spacing: 0px !important;
  -moz-letter-spacing: 0px !important;
  -ms-letter-spacing: 0px !important;
  letter-spacing: 0px !important;
  padding: 1rem !important;
  border-radius: 5px !important;
  font-size: 0.875rem;
}

.c0 pre > div > code {
  background: none !important;
}

.c0:not(pre) > code[class*="language-"],
.c0 pre[class*="language-"] {
  background: none !important;
}

.c0 code {
  font-family: "Fira Mono",source-code-pro,Menlo,Monaco,Consolas,"Courier New",monospace;
}

.c0 p > code {
  background: #1b1f231c;
  padding: 0.2em 0.4em;
  border-radius: 5px;
  font-size: 85%;
}

.c0 img {
  max-width: 100%;
  height: auto;
  display: block;
  margin-top: 1.5rem;
  margin-bottom: 1.5rem;
}

.c0 p > img {
  display: block;
  max-width: 100%;
  margin: 3rem auto;
}

.c0 table {
  border-collapse: collapse;
  display: block;
  width: 100%;
  width: -webkit-max-content;
  width: -moz-max-content;
  width: -webkit-max-content;
  width: -moz-max-content;
  width: max-content;
  max-width: 100%;
  overflow: auto;
}

.c0 table tr:nth-child(2n) {
  background-color: #f6f8fa;
}

.c0 table tr {
  background-color: #ffff;
  border-top: 1px solid #c6cbd1;
}

.c0 table td,
.c0 table th {
  padding: 6px 13px;
  border: 1px solid #dfe2e5;
}

@media only screen and (max-width:767px) {
  .c0 {
    font-size: 1rem;
  }
}

@media only screen and (max-width:767px) {
  .c0 p + h1,
  .c0 p + h2,
  .c0 p + h3,
  .c0 p + h4 {
    margin-top: 2rem;
  }
}

@media only screen and (max-width:767px) {
  .c0 h1,
  .c0 h2,
  .c0 h3,
  .c0 h4 {
    margin-bottom: 0.75rem;
  }
}

@media only screen and (max-width:767px) {
  .c0 h1 {
    font-size: 2.25rem;
  }
}

@media only screen and (max-width:767px) {
  .c0 h2 {
    font-size: 1.75rem;
  }
}

@media only screen and (max-width:767px) {
  .c0 h3 {
    font-size: 1.25rem;
  }
}

@media only screen and (max-width:767px) {
  .c0 h4 {
    font-size: 1rem;
  }
}

@media only screen and (max-width:767px) {
  .c0 pre > div {
    font-size: 0.75rem;
  }
}

<div>
  <div
    class="notification-container notification-container-empty"
  >
    <div />
  </div>
  <div
    class="c0"
  >
    <h2
      id="Testing"
    >
      Testing
    </h2>
  </div>
</div>
`;
