// Jest Snapshot v1, https://goo.gl/fbAQLP

exports[`Post renders correctly 1`] = `
.c2 {
  width: 100%;
  display: -webkit-box;
  display: -webkit-flex;
  display: -ms-flexbox;
  display: flex;
  -webkit-flex-direction: column;
  -ms-flex-direction: column;
  flex-direction: column;
}

.c3 {
  margin-top: 5rem;
  -webkit-animation: loading 3s infinite ease-in-out;
  animation: loading 3s infinite ease-in-out;
  width: 100%;
  height: 3.4rem;
  border-radius: 5px;
}

.c4 {
  width: 10rem;
  border-radius: 5px;
  margin-top: 1rem;
  -webkit-animation: loading 3s infinite ease-in-out;
  animation: loading 3s infinite ease-in-out;
  height: 2rem;
}

.c5 {
  width: 100%;
  height: 25rem;
  -webkit-animation: loading 3s infinite ease-in-out;
  animation: loading 3s infinite ease-in-out;
  border-radius: 5px;
  margin-top: 5rem;
}

.c6 {
  margin-top: 1rem;
  height: 3.4rem;
  border-radius: 5px;
  width: 100%;
  -webkit-animation: loading 3s infinite ease-in-out;
  animation: loading 3s infinite ease-in-out;
}

.c7 {
  margin-top: 1rem;
  height: 3.4rem;
  border-radius: 5px;
  width: 60%;
  -webkit-animation: loading 3s infinite ease-in-out;
  animation: loading 3s infinite ease-in-out;
}

.c0 {
  width: 100%;
  display: -webkit-box;
  display: -webkit-flex;
  display: -ms-flexbox;
  display: flex;
  -webkit-box-pack: center;
  -webkit-justify-content: center;
  -ms-flex-pack: center;
  justify-content: center;
}

.c1 {
  max-width: 900px;
  position: relative;
  width: 100%;
  padding: 0 1rem;
}

@media only screen and (max-width:767px) {

}

@media only screen and (max-width:767px) {

}

@media only screen and (max-width:767px) {

}

@media only screen and (max-width:767px) {

}

@media only screen and (max-width:767px) {

}

@media only screen and (max-width:767px) {

}

@media only screen and (max-width:767px) {

}

@media only screen and (max-width:767px) {

}

@media only screen and (max-width:900px) {

}

@media only screen and (max-width:900px) {

}

@media only screen and (max-width:500px) {

}

@media only screen and (max-width:900px) {

}

@media only screen and (max-width:900px) {
  .c3 {
    margin-top: 1rem;
    height: 3rem;
  }
}

@media only screen and (max-width:900px) {
  .c5 {
    height: 20rem;
    margin-top: 3rem;
  }
}

@media only screen and (max-width:500px) {
  .c5 {
    height: 18rem;
  }
}

@media only screen and (max-width:900px) {
  .c6 {
    height: 3rem;
  }
}

@media only screen and (max-width:900px) {
  .c7 {
    height: 3rem;
  }
}

<div>
  <div
    class="notification-container notification-container-empty"
  >
    <div />
  </div>
  <main
    class="c0"
  >
    <div
      class="c1"
    >
      <div
        class="c2"
      >
        <div
          class="c3"
        />
        <div
          class="c4"
        />
        <div
          class="c5"
        />
        <div
          class="c6"
          width="100%"
        />
        <div
          class="c7"
          width="60%"
        />
      </div>
    </div>
  </main>
</div>
`;
