// Jest Snapshot v1, https://goo.gl/fbAQLP

exports[`PostLoading matches snapshot 1`] = `
.c0 {
  width: 19rem;
  box-shadow: rgba(0,0,0,0.096) 0px 2px 10px 0px;
  display: -webkit-box;
  display: -webkit-flex;
  display: -ms-flexbox;
  display: flex;
  -webkit-flex-direction: column;
  -ms-flex-direction: column;
  flex-direction: column;
  background: #ffff;
  border-radius: 5px;
  -webkit-transition: box-shadow 0.25s ease-in 0s,-webkit-transform 0.25s ease-in 0s;
  -webkit-transition: box-shadow 0.25s ease-in 0s,transform 0.25s ease-in 0s;
  transition: box-shadow 0.25s ease-in 0s,transform 0.25s ease-in 0s;
  margin: 1rem;
  overflow: hidden;
  position: relative;
  border-radius: 5px;
  -webkit-box-pack: justify;
  -webkit-justify-content: space-between;
  -ms-flex-pack: justify;
  justify-content: space-between;
}

.c1 {
  position: relative;
  padding-top: 52%;
}

.c2 {
  width: 100%;
  height: 100%;
  position: absolute;
  top: 0;
  left: 0;
  -webkit-animation: loading 3s infinite ease-in-out;
  animation: loading 3s infinite ease-in-out;
}

.c3 {
  display: -webkit-box;
  display: -webkit-flex;
  display: -ms-flexbox;
  display: flex;
  -webkit-flex-direction: column;
  -ms-flex-direction: column;
  flex-direction: column;
  padding: 1rem;
  width: 100%;
  position: relative;
}

.c4 {
  width: 80%;
  height: 1.3rem;
  -webkit-animation: loading 3s infinite ease-in-out;
  animation: loading 3s infinite ease-in-out;
  border-radius: 5px;
  margin-bottom: 0.5rem;
}

.c5 {
  height: 1rem;
  width: 100%;
  margin-top: 0.5rem;
  -webkit-animation: loading 3s infinite ease-in-out;
  animation: loading 3s infinite ease-in-out;
  border-radius: 3px;
  width: 80%;
}

.c6 {
  height: 1rem;
  width: 100%;
  margin-top: 0.5rem;
  -webkit-animation: loading 3s infinite ease-in-out;
  animation: loading 3s infinite ease-in-out;
  border-radius: 3px;
  width: 60%;
}

@media only screen and (max-width:1250px) {
  .c0 {
    width: calc(50% - 2rem);
  }
}

@media only screen and (max-width:767px) {
  .c0 {
    width: 100%;
  }
}

<div>
  <div
    class="notification-container notification-container-empty"
  >
    <div />
  </div>
  <div
    class="c0"
  >
    <div
      class="c1"
    >
      <div
        class="c2"
      />
    </div>
    <div
      class="c3"
    >
      <div
        class="c4"
      />
      <div
        class="c5"
        width="80%"
      />
      <div
        class="c6"
        width="60%"
      />
    </div>
  </div>
</div>
`;
